Step: actions saved
Step: actions saved
Step: actions saved
Step: actions saved
Step: actions saved
Step: actions saved
Step: actions saved
Step: actions saved
Step: actions saved
Step: actions saved
Step: actions saved
Step: actions saved
Step: actions saved
Step: actions saved
Step: actions saved
Step: actions saved
Step: actions saved
Step: actions saved
Step: actions saved
Step: actions saved
Step: actions saved
Step: actions saved
Step: actions saved
Step: actions saved
Step: actions saved
Step: actions saved
Step: actions saved
Step: actions saved
Step: actions saved
Step: actions saved
Step: actions saved
Step: actions saved
Step: actions saved
Step: actions saved
Step: actions saved
Step: actions saved
Step: actions saved
Step: actions saved
Step: actions saved
Step: actions saved
Step: actions saved
Step: actions saved
Step: actions saved
Step: actions saved
Step: actions saved
Step: actions saved
Step: actions saved
Step: actions saved
Step: actions saved
Step: actions saved
Step: actions saved
Step: actions saved
Step: actions saved
Step: actions saved
Step: actions saved
Step: actions saved
Step: actions saved
Step: actions saved
Step: actions saved
Step: actions saved
Step: actions saved
